2026-03-25 04:17:38 [DEBUG] debug:225 - DUALogger initialized with run_id=run_20260325_041738_pid5303
2026-03-25 04:17:38 [DEBUG] debug:225 - ENTER process_snapshot | args={'filename': 'mad98.prim.00425'}
2026-03-25 04:17:38 [DEBUG] debug:225 - CONFIG_SNAPSHOT {"data_directory": "/cpfs01/projects-HDD/cfff-a7e284de52b3_HDD/cyh_22307110238/DSA/DATA", "ipole_executable_path": "/path/to/ipole-master/ipole", "max_concurrent_tasks": 5, "nt_params": {"alpha_sigma": 2, "gamma": 1.3333333333333333, "sigma_crit": 0.1, "x_inj": 3.5, "xi_max": 0.05}, "output_directory": "/cpfs01/projects-HDD/cfff-a7e284de52b3_HDD/cyh_22307110238/Projects/MAD98_DSA_Postprocessing/OUTPUT", "physics": {"MBH_solar": 6200000000.0, "M_unit": 1e+25, "R0": 0.0, "advection_steps": 2000, "cooling_factor": 50.0, "enable_advection": false, "hslope": 1.0, "spin": 0.98}, "roi_params": {"phi_max": 6.28319, "phi_min": 0.0, "r_max": 1200, "r_min": 10, "theta_max": 3.14159, "theta_min": 0.0}, "shock_params": {"gamma": 1.3333333333333333, "grad_p_filter_quantile": 0.2, "mach_threshold_loose": 1.05, "march_cells": 6, "min_physical_mach": 1.7}}
2026-03-25 04:17:38 [DEBUG] debug:225 - Config snapshot saved to /cpfs01/projects-HDD/cfff-a7e284de52b3_HDD/cyh_22307110238/Projects/MAD98_DSA_Postprocessing/OUTPUT/logs/configs/run_20260325_041738_pid5303.json
2026-03-25 04:17:38 [CODEPATH] codepath:251 - Step 1 | load_and_slice_data
2026-03-25 04:17:38 [DEBUG] debug:225 - ENTER load_and_slice_data | args={'filename': 'mad98.prim.00425.athdf', 'roi_params': {'r_min': 10, 'r_max': 1200, 'theta_min': 0.0, 'theta_max': 3.14159, 'phi_min': 0.0, 'phi_max': 6.28319}}
2026-03-25 04:19:14 [CODEPATH] codepath:251 - ROI slice indices | i=[445, 1409), j=[0, 512), k=[0, 257)
2026-03-25 04:19:15 [DATA] data:247 - roi_data.rho: shape=(256, 512, 963), dtype=float64, range=[1.000e-06, 1.590e+01], median=8.314e-03
2026-03-25 04:19:16 [DATA] data:247 - roi_data.press: shape=(256, 512, 963), dtype=float64, range=[1.000e-08, 9.680e-02], median=7.816e-05
2026-03-25 04:19:17 [DATA] data:247 - roi_data.vel1: shape=(256, 512, 963), dtype=float64, range=[-2.506e+00, 9.475e+00], median=9.647e-02
2026-03-25 04:19:18 [DATA] data:247 - roi_data.Bcc1: shape=(256, 512, 963), dtype=float64, range=[-5.101e-01, 4.800e-01], median=3.800e-10
2026-03-25 04:19:18 [DATA] data:247 - roi_data.x1v [r_g]: shape=(963,), dtype=float64, range=[1.006e+01, 1.197e+03], median=1.097e+02
2026-03-25 04:19:18 [DATA] data:247 - roi_data.x2v [rad]: shape=(512,), dtype=float64, range=[3.068e-03, 3.139e+00], median=1.571e+00
2026-03-25 04:19:18 [DATA] data:247 - roi_data.x3v [rad]: shape=(256,), dtype=float64, range=[1.227e-02, 6.271e+00], median=3.142e+00
2026-03-25 04:19:19 [DEBUG] debug:225 - EXIT load_and_slice_data | result={'keys': ['Bcc1', 'Bcc2', 'Bcc3', 'Time', 'press', 'rho', 'vel1', 'vel2'], 'rho_shape': [256, 512, 963], 'time': 0.0}
2026-03-25 04:19:19 [DATA] data:247 - roi_data.shape: {'rho': [256, 512, 963]}
2026-03-25 04:19:19 [CODEPATH] codepath:251 - Step 2 | calculate_dsa_physics
2026-03-25 04:19:19 [DEBUG] debug:225 - Derived units: L_unit=9.157e+14, rho_unit=1.302e-20
2026-03-25 04:19:19 [CODEPATH] codepath:251 - Physics branch | enable_advection=False
2026-03-25 04:19:19 [DEBUG] debug:225 - ENTER calculate_dsa_physics | args={'shock_params': {'gamma': 1.3333333333333333, 'mach_threshold_loose': 1.05, 'min_physical_mach': 1.7, 'grad_p_filter_quantile': 0.2, 'march_cells': 6}, 'nt_params': {'gamma': 1.3333333333333333, 'x_inj': 3.5, 'xi_max': 0.05, 'sigma_crit': 0.1, 'alpha_sigma': 2, 'rho_unit': 1.3024220681075788e-20}, 'rho_shape': [256, 512, 963]}
2026-03-25 04:19:19 [DEBUG] debug:225 - ENTER find_shocks_in_roi_mhd | args={'gamma': 1.3333333333333333, 'mach_threshold_loose': 1.05, 'min_physical_mach': 1.7, 'grad_p_filter_quantile': 0.2, 'march_cells': 6, 'rho_shape': [256, 512, 963]}
2026-03-25 04:19:41 [DATA] data:247 - shock.p_tot: shape=(256, 512, 963), dtype=float64, range=[1.000e-08, 1.581e-01], median=2.029e-04
2026-03-25 04:19:41 [DATA] data:247 - shock.v_fast: shape=(256, 512, 963), dtype=float64, range=[1.139e-02, 2.383e+01], median=9.227e-02
2026-03-25 04:19:43 [DATA] data:247 - shock.grad_P_mag: shape=(256, 512, 963), dtype=float64, range=[1.000e-30, 2.619e+00], median=4.156e-08
2026-03-25 04:19:43 [DEBUG] debug:225 - Shock candidate count=1329489
2026-03-25 04:20:09 [DEBUG] debug:225 - Verified shock cells=24758
2026-03-25 04:20:09 [DATA] data:247 - shock.upstream_mach.active: shape=(24758,), dtype=float64, range=[1.700e+00, 6.362e+00], median=1.975e+00
2026-03-25 04:20:09 [CODEPATH] codepath:251 - Shock detection branch | verified shock cells present, candidate count=1329489
2026-03-25 04:20:11 [DEBUG] debug:225 - EXIT find_shocks_in_roi_mhd | result={'verified_cells': 24758, 'result_keys': ['downstream_n_e', 'downstream_temp', 'grad_p_mag', 'mask', 'upstream_mach']}
2026-03-25 04:20:17 [DATA] data:247 - shock_props.sigma_grid: shape=(256, 512, 963), dtype=float64, range=[2.754e-14, 2.730e+02], median=4.187e-04
2026-03-25 04:20:17 [DEBUG] debug:225 - ENTER calculate_nonthermal_electrons | args={'gamma': 1.3333333333333333, 'x_inj': 3.5, 'xi_max': 0.05, 'sigma_crit': 0.1, 'alpha_sigma': 2, 'rho_unit': 1.3024220681075788e-20, 'shock_cells': 24758}
2026-03-25 04:20:19 [DATA] data:247 - nt.T2_shocks [K]: shape=(24758,), dtype=float64, range=[1.161e+10, 1.711e+13], median=1.819e+12
2026-03-25 04:20:19 [DATA] data:247 - nt.n_e2_shocks [cm^-3]: shape=(24758,), dtype=float64, range=[7.787e-03, 2.606e+04], median=1.046e-01
2026-03-25 04:20:19 [DATA] data:247 - nt.q: shape=(24758,), dtype=float64, range=[1.589e+00, 3.351e+00], median=2.706e+00
2026-03-25 04:20:19 [DATA] data:247 - nt.eta_lin: shape=(24758,), dtype=float64, range=[1.969e-04, 7.865e-04], median=2.714e-04
2026-03-25 04:20:19 [DATA] data:247 - nt.K_inj: shape=(24758,), dtype=float64, range=[0.000e+00, 3.509e+02], median=1.382e+01
2026-03-25 04:20:19 [CODEPATH] codepath:251 - Sigma suppression branch | sigma_grid found and applied
2026-03-25 04:20:19 [DATA] data:247 - nt.sigma_at_shocks: shape=(24758,), dtype=float64, range=[1.342e-05, 3.409e-01], median=2.637e-02
2026-03-25 04:20:19 [DATA] data:247 - nt.suppression: shape=(24758,), dtype=float64, range=[7.924e-02, 1.000e+00], median=9.350e-01
2026-03-25 04:20:19 [DATA] data:247 - nt.N_inj: shape=(24758,), dtype=float64, range=[9.276e-07, 7.227e+00], median=2.667e-05
2026-03-25 04:20:19 [DATA] data:247 - nt.gamma_min: shape=(24758,), dtype=float64, range=[6.996e+00, 2.659e+02], median=8.669e+01
2026-03-25 04:20:19 [DEBUG] debug:225 - EXIT calculate_nonthermal_electrons | result={'result_keys': ['C_grid', 'gamma_min_grid', 'mask', 'q_grid', 'sigma_suppression_grid'], 'shock_cells': 24758}
2026-03-25 04:20:19 [DEBUG] debug:225 - EXIT calculate_dsa_physics | result={'shock_cells': 24758, 'nonthermal_keys': ['C_grid', 'gamma_min_grid', 'mask', 'q_grid', 'sigma_suppression_grid']}
2026-03-25 04:20:19 [DATA] data:247 - shock_props.upstream_mach.active: shape=(24758,), dtype=float64, range=[1.700e+00, 6.362e+00], median=1.975e+00
2026-03-25 04:20:19 [DATA] data:247 - shock_props.sigma.active: shape=(24758,), dtype=float64, range=[1.342e-05, 3.409e-01], median=2.637e-02
2026-03-25 04:20:19 [CODEPATH] codepath:251 - Step 3 | advection skipped
2026-03-25 04:20:19 [DATA] data:247 - nonthermal.C_grid.active: shape=(24758,), dtype=float64, range=[9.276e-07, 7.227e+00], median=2.667e-05
2026-03-25 04:20:19 [DATA] data:247 - nonthermal.q_grid.active: shape=(24758,), dtype=float64, range=[1.589e+00, 3.351e+00], median=2.706e+00
2026-03-25 04:20:19 [DATA] data:247 - nonthermal.gamma_min.active: shape=(24758,), dtype=float64, range=[6.996e+00, 2.659e+02], median=8.669e+01
2026-03-25 04:20:19 [CODEPATH] codepath:251 - Step 4 | save_h5_file
2026-03-25 04:20:19 [DEBUG] debug:225 - ENTER save_h5_file | args={'output_h5': '/cpfs01/projects-HDD/cfff-a7e284de52b3_HDD/cyh_22307110238/Projects/MAD98_DSA_Postprocessing/OUTPUT/ipole_inputs/mad98.prim.00425_dsa_input.h5'}
2026-03-25 04:20:19 [DATA] data:247 - save.scale_1: shape=(1, 1, 963), dtype=float64, range=[8.354e-04, 9.941e-02], median=9.113e-03
2026-03-25 04:20:19 [DEBUG] debug:225 - Transformation scales: scale_2=0.3183098861837907, scale_3=1.0
2026-03-25 04:20:51 [CODEPATH] codepath:251 - HDF5 datasets written | t,dump_cadence,header,prims,KEL,UNTH,p,GAMMA_MIN,sigma,sigma_suppression
2026-03-25 04:20:51 [DEBUG] debug:225 - EXIT save_h5_file | result={'output_h5': '/cpfs01/projects-HDD/cfff-a7e284de52b3_HDD/cyh_22307110238/Projects/MAD98_DSA_Postprocessing/OUTPUT/ipole_inputs/mad98.prim.00425_dsa_input.h5', 'grid_shape': [963, 512, 256]}
2026-03-25 04:20:52 [DEBUG] debug:225 - EXIT process_snapshot | result={'success': True, 'output_h5': '/cpfs01/projects-HDD/cfff-a7e284de52b3_HDD/cyh_22307110238/Projects/MAD98_DSA_Postprocessing/OUTPUT/ipole_inputs/mad98.prim.00425_dsa_input.h5', 'stage_times': {'load': 100.14593172073364, 'dsa': 60.456401348114014, 'advection': 2.8848648071289062e-05, 'save': 32.31147909164429}}
